raw -> results/raw/latent-vs-verbalized/p7_dpnull_check_20260911T152127Z.json (0.02 MB)
nulled 31/53; dropped honest 96 (mean E 0.45, 0 above E p95)
scorer         AUROC 839  lift 839  | AUROC 743 [CI]           lift 743 
E              0.905      15/31     | 0.897 [0.81,0.95]        11/31
score          0.748       0/31     | 0.744 [0.62,0.88]         0/31
cached_mean    0.853       3/31     | 0.845 [0.77,0.92]         3/31
score|ridge_E  0.943      11/31     | 0.943 [0.91,0.97]        11/31
label|logreg   0.915      19/31     | 0.909 [0.85,0.97]        18/31
text           0.859       5/31     | 0.842 [0.76,0.92]         5/31
dumb           0.598       7/31     | 0.553 [0.37,0.89]         7/31

pool_839_label_vs_E:
  E|auroc                  CI [+0.826,+0.952] mean +0.904
  E|k                      CI [+2.475,+38.000] mean +15.620
  E|frac                   CI [+0.167,+0.729] mean +0.461
  label|logreg|auroc       CI [+0.861,+0.969] mean +0.919
  label|logreg|k           CI [+5.475,+43.000] mean +18.938
  label|logreg|frac        CI [+0.300,+0.888] mean +0.586
  text|auroc               CI [+0.787,+0.931] mean +0.864
  text|k                   CI [+1.000,+12.000] mean +5.560
  text|frac                CI [+0.035,+0.590] mean +0.210
  cached_mean|auroc        CI [+0.784,+0.927] mean +0.854
  cached_mean|k            CI [+0.000,+12.000] mean +3.648
  cached_mean|frac         CI [+0.000,+0.432] mean +0.132
  label|logreg-E|d_auroc   CI [-0.068,+0.112] mean +0.015  P(>0) 0.63
  label|logreg-E|d_k       CI [-11.000,+17.000] mean +3.318  P(>0) 0.70
  text-E|d_auroc           CI [-0.130,+0.071] mean -0.040  P(>0) 0.20
  text-E|d_k               CI [-35.000,+6.050] mean -10.060  P(>0) 0.15
  cached_mean-E|d_auroc    CI [-0.131,+0.045] mean -0.049  P(>0) 0.13
  cached_mean-E|d_k        CI [-35.000,+3.000] mean -11.972  P(>0) 0.06

pool_743_score_vs_E:
  E|auroc                  CI [+0.813,+0.948] mean +0.895
  E|k                      CI [+2.000,+36.525] mean +13.876
  E|frac                   CI [+0.157,+0.707] mean +0.409
  score|ridge_E|auroc      CI [+0.909,+0.966] mean +0.941
  score|ridge_E|k          CI [+2.000,+34.000] mean +12.942
  score|ridge_E|frac       CI [+0.143,+0.622] mean +0.375
  label|logreg|auroc       CI [+0.850,+0.967] mean +0.913
  label|logreg|k           CI [+5.000,+42.050] mean +17.604
  label|logreg|frac        CI [+0.286,+0.875] mean +0.549
  score|ridge_E-E|d_auroc  CI [+0.002,+0.119] mean +0.046  P(>0) 0.98
  score|ridge_E-E|d_k      CI [-9.000,+6.000] mean -0.934  P(>0) 0.31
  label|logreg-E|d_auroc   CI [-0.072,+0.121] mean +0.018  P(>0) 0.64
  label|logreg-E|d_k       CI [-10.000,+18.000] mean +3.728  P(>0) 0.69

threshold convention (lifted global / own-group): {'E': '15/8 of 31', 'score|ridge_E': '11/7 of 31', 'label|logreg': '19/23 of 31'}
nulled by trajectory: {'1e4bd987': {'group': 'fold4', 'n_nulled': 2, 'E': 0, 'score|ridge_E': 0, 'label|logreg': 2}, '32985679': {'group': 'fold3', 'n_nulled': 4, 'E': 1, 'score|ridge_E': 2, 'label|logreg': 2}, '52b8ede8': {'group': 'test', 'n_nulled': 1, 'E': 0, 'score|ridge_E': 0, 'label|logreg': 1}, '588b46de': {'group': 'fold1', 'n_nulled': 14, 'E': 10, 'score|ridge_E': 7, 'label|logreg': 10}, '68193011': {'group': 'test', 'n_nulled': 1, 'E': 0, 'score|ridge_E': 0, 'label|logreg': 1}, '82e3be30': {'group': 'fold0', 'n_nulled': 1, 'E': 1, 'score|ridge_E': 0, 'label|logreg': 1}, 'd4b401b9': {'group': 'test', 'n_nulled': 3, 'E': 1, 'score|ridge_E': 1, 'label|logreg': 0}, 'ddce4c77': {'group': 'fold1', 'n_nulled': 5, 'E': 2, 'score|ridge_E': 1, 'label|logreg': 2}}

train-OOF Δp_null per position, label|logreg: instruction 2/10/26  transcript_ 3/10/26  action_end 17/10/26  prompt_end 4/10/26  analysis_en 1/9/26  reasoning_e 0/9/26  pre_score 0/9/26  (probe/E/n)

train-OOF Δp_null per position, score|ridge_E: instruction 10/10/26  transcript_ 1/10/26  action_end 15/10/26  prompt_end 7/10/26  analysis_en 0/9/26  reasoning_e 1/9/26  pre_score 1/9/26  (probe/E/n)
