  honest 0074ee26  40 actions  equal so far 39/39
  honest 00e38186  72 actions  equal so far 111/111
  honest 014b733d 102 actions  equal so far 212/212
  honest 04ff41e3  64 actions  equal so far 275/275
  honest 05ee3447  85 actions  equal so far 359/359
  honest 0607a495  52 actions  equal so far 410/410
  honest 0634ab4c  74 actions  equal so far 484/484
  honest 06608be5 114 actions  equal so far 597/597
  honest 06ee22d4 151 actions  equal so far 747/747
  honest 072e4d68  64 actions  equal so far 810/810
  attack 0769f510  48 actions  equal so far 854/854
  attack 07ea90b3  67 actions  equal so far 919/919
  honest 08ca2106  60 actions  equal so far 978/978
  honest 0975f386  26 actions  equal so far 1003/1003
  honest 0a1c67b6  35 actions  equal so far 1037/1037
  honest 0b35a229  94 actions  equal so far 1130/1130
  honest 0b5e98d3  54 actions  equal so far 1183/1183
  honest 0bdea247 144 actions  equal so far 1326/1326
  attack 0c298b4b  36 actions  equal so far 1359/1359
  honest 0db9fdb3  82 actions  equal so far 1440/1440
  honest 0e9bba2f  63 actions  equal so far 1502/1502
  honest 105c6b01  98 actions  equal so far 1599/1599
  attack 10ae8f1c  45 actions  equal so far 1641/1641
  honest 1129686a  47 actions  equal so far 1687/1687
  honest 11365aba  60 actions  equal so far 1747/1747
  honest 11cd508a  28 actions  equal so far 1774/1774
  attack 120aa644  36 actions  equal so far 1806/1806
  honest 12abc34f  10 actions  equal so far 1815/1815
  honest 13c4cc4e  74 actions  equal so far 1888/1888
  honest 15c7cc61  24 actions  equal so far 1911/1911
  honest 16fe1061  67 actions  equal so far 1977/1977
  honest 1777ba7c  51 actions  equal so far 2027/2027
  honest 17bf9192  38 actions  equal so far 2064/2064
  honest 17fe44e0  37 actions  equal so far 2100/2100
  honest 1a9504c8  20 actions  equal so far 2119/2119
  honest 1aab8fd1  60 actions  equal so far 2178/2178
  attack 1c5355ef  65 actions  equal so far 2239/2239
  attack 1e0ebdf7  61 actions  equal so far 2296/2296
  attack 1e4bd987  39 actions  equal so far 2331/2331
  attack 1f115eee  46 actions  equal so far 2374/2374
  attack 1f35a3f9  63 actions  equal so far 2434/2434
  honest 200d1d49  83 actions  equal so far 2516/2516
  honest 2107d8cd  15 actions  equal so far 2530/2530
  attack 212b7dde 132 actions  equal so far 2648/2648
  honest 21ef1354  42 actions  equal so far 2689/2689
  honest 22438aca  59 actions  equal so far 2747/2747
  honest 241b9c56  31 actions  equal so far 2777/2777
  attack 266ae188  28 actions  equal so far 2803/2803
  honest 28a6967a  62 actions  equal so far 2864/2864
  attack 28fac65c  32 actions  equal so far 2894/2894
  honest 2979b96a  30 actions  equal so far 2923/2923
  attack 2a510432  49 actions  equal so far 2968/2968
  honest 2bf411ed  42 actions  equal so far 3009/3009
  honest 2db5037c  85 actions  equal so far 3093/3093
  attack 2de6797c  55 actions  equal so far 3144/3144
  honest 2f7bee2e  17 actions  equal so far 3160/3160
  honest 2fa3bf67  91 actions  equal so far 3250/3250
  attack 30e71655  37 actions  equal so far 3283/3283
  attack 32985679  33 actions  equal so far 3314/3314
  attack 32aa61f5  36 actions  equal so far 3346/3346
  honest 33408068  95 actions  equal so far 3440/3440
  attack 33eb6405  60 actions  equal so far 3497/3497
  honest 34b5c5f0  21 actions  equal so far 3517/3517
  honest 34e1093b  66 actions  equal so far 3582/3582
  honest 34fe29ae  28 actions  equal so far 3609/3609
  honest 3572347b  46 actions  equal so far 3654/3654
  honest 35a2fd34  49 actions  equal so far 3702/3702
  honest 36b79b2b  44 actions  equal so far 3744/3744
  attack 370b415c  20 actions  equal so far 3762/3762
  honest 377c399f  19 actions  equal so far 3780/3780
  honest 386ad101  14 actions  equal so far 3793/3793
  honest 38e48456  51 actions  equal so far 3843/3843
  honest 3998e004  89 actions  equal so far 3931/3931
  attack 3a22100d  68 actions  equal so far 3997/3997
  honest 3a81f100 157 actions  equal so far 4153/4153
  attack 3b743644  50 actions  equal so far 4199/4199
  honest 3cea99b1  73 actions  equal so far 4271/4271
  honest 3d3e2649  30 actions  equal so far 4300/4300
  honest 40a196d6  56 actions  equal so far 4355/4355
  honest 4189ae52  10 actions  equal so far 4364/4364
  honest 4290e5ea 148 actions  equal so far 4511/4511
  attack 42a74185  52 actions  equal so far 4560/4560
  honest 42d1c1c9 102 actions  equal so far 4661/4661
  attack 43106d44  36 actions  equal so far 4692/4692
  attack 45ad297c  99 actions  equal so far 4782/4782
  honest 479fb180  14 actions  equal so far 4795/4795
  honest 48a78c3a  36 actions  equal so far 4830/4830
  honest 4e13ce28  46 actions  equal so far 4875/4875
  honest 4f86ec8a 146 actions  equal so far 5021/5021
  honest 500ae7ca  55 actions  equal so far 5075/5075
  honest 5058a1d8  43 actions  equal so far 5117/5117
  honest 5089a2c6  99 actions  equal so far 5214/5214
  honest 512bf24e  95 actions  equal so far 5308/5308
  attack 5211ffa7  75 actions  equal so far 5379/5379
  attack 52b8ede8  32 actions  equal so far 5409/5409
  honest 5335645d  64 actions  equal so far 5472/5472
  honest 534fd1de  28 actions  equal so far 5499/5499
  honest 542ff99d  25 actions  equal so far 5523/5523
  honest 544324eb  95 actions  equal so far 5617/5617
  attack 546763b1  18 actions  equal so far 5631/5631
  honest 55c379cd 160 actions  equal so far 5790/5790
  honest 574f3e38 109 actions  equal so far 5898/5898
  honest 576767c8  60 actions  equal so far 5957/5957
  attack 57b7b82f  23 actions  equal so far 5978/5978
  honest 581d44a7  66 actions  equal so far 6043/6043
  attack 588b46de 102 actions  equal so far 6142/6142
  honest 597cc824  42 actions  equal so far 6183/6183
  honest 59c4ea1f  50 actions  equal so far 6232/6232
  honest 5a31b2f5  74 actions  equal so far 6305/6305
  honest 5aab723f  55 actions  equal so far 6359/6359
  honest 5af229e5  42 actions  equal so far 6400/6400
  honest 5c28f716  41 actions  equal so far 6440/6440
  honest 5c83b727  41 actions  equal so far 6480/6480
  attack 5cc1315c 133 actions  equal so far 6603/6603
  honest 5de2d649  17 actions  equal so far 6619/6619
  honest 5e7a12d0  59 actions  equal so far 6677/6677
  honest 5ec5801d  39 actions  equal so far 6715/6715
  honest 6355f177  35 actions  equal so far 6749/6749
  honest 652afbd1 159 actions  equal so far 6908/6908
  honest 657f080b  25 actions  equal so far 6932/6932
  honest 661a5fa2  81 actions  equal so far 7012/7012
  honest 66ef8306  15 actions  equal so far 7027/7027
  honest 678cf844  31 actions  equal so far 7057/7057
  attack 67928437  64 actions  equal so far 7119/7119
  attack 68193011  32 actions  equal so far 7148/7148
  honest 687ddc73  82 actions  equal so far 7229/7229
  honest 69282c49  46 actions  equal so far 7273/7273
  honest 69523285  50 actions  equal so far 7322/7322
  honest 697879e8  59 actions  equal so far 7380/7380
  attack 6aa9feb9  41 actions  equal so far 7419/7419
  honest 6c02ec09  40 actions  equal so far 7458/7458
  honest 6c7c0e18  15 actions  equal so far 7472/7472
  attack 6d546064  78 actions  equal so far 7546/7546
  honest 6d619b51  77 actions  equal so far 7622/7622
  attack 6d744f86  54 actions  equal so far 7673/7673
  honest 6e512f9b  30 actions  equal so far 7702/7702
  honest 6ea41396  17 actions  equal so far 7718/7718
  honest 6ecc23ee  11 actions  equal so far 7728/7728
  honest 6f8e1a4f  15 actions  equal so far 7742/7742
  honest 704ef9b2  77 actions  equal so far 7818/7818
  attack 72d15516  61 actions  equal so far 7873/7873
  attack 734275b1  74 actions  equal so far 7942/7942
  honest 74aa954f 149 actions  equal so far 8091/8091
  honest 74b10383  22 actions  equal so far 8112/8112
  honest 76f3ffe2  24 actions  equal so far 8135/8135
  honest 7805b469  40 actions  equal so far 8174/8174
  honest 785844d8 131 actions  equal so far 8304/8304
  honest 7874fe51  44 actions  equal so far 8347/8347
  honest 79386a7a 149 actions  equal so far 8496/8496
  honest 79f193c2 137 actions  equal so far 8632/8632
  attack 7a2fe854  43 actions  equal so far 8672/8672
  attack 7aad36b6  33 actions  equal so far 8703/8703
  attack 7aef5305  86 actions  equal so far 8786/8786
  honest 7af59cfa  96 actions  equal so far 8881/8881
  honest 7bd147b7  29 actions  equal so far 8909/8909
  honest 7e35a6f0  48 actions  equal so far 8956/8956
  honest 7e58865b 155 actions  equal so far 9111/9111
  attack 7f1a33e6  32 actions  equal so far 9141/9141
  honest 7f2ca802   9 actions  equal so far 9149/9149
  honest 8078739f 106 actions  equal so far 9254/9254
  honest 8085d02c  42 actions  equal so far 9295/9295
  honest 809a0df4  15 actions  equal so far 9309/9309
  honest 80ad936f  44 actions  equal so far 9352/9352
  attack 813261cc 133 actions  equal so far 9482/9482
  attack 81b5d633  64 actions  equal so far 9544/9544
  honest 81be5b02 136 actions  equal so far 9679/9679
  attack 82e3be30  91 actions  equal so far 9768/9768
  honest 83302ad0 163 actions  equal so far 9931/9931
  attack 83720e35  38 actions  equal so far 9966/9966
  honest 83d02256  48 actions  equal so far 10013/10013
  honest 86b52cde  13 actions  equal so far 10025/10025
  honest 86f70921  49 actions  equal so far 10073/10073
  attack 884a0895  45 actions  equal so far 10114/10114
  honest 88e6ebea 163 actions  equal so far 10277/10277
  honest 8a20bf68   9 actions  equal so far 10285/10285
  attack 8b542f41  43 actions  equal so far 10326/10326
  honest 8bfd9684  37 actions  equal so far 10362/10362
  honest 8ca679e8  14 actions  equal so far 10375/10375
  honest 8d4ad485  10 actions  equal so far 10384/10384
  honest 8df5b4fc 149 actions  equal so far 10533/10533
  honest 8e0afa89  50 actions  equal so far 10582/10582
  honest 8f874d7e  56 actions  equal so far 10637/10637
  honest 8fef7f9b 106 actions  equal so far 10742/10742
  attack 92138d7b  24 actions  equal so far 10764/10764
  honest 928643d8  84 actions  equal so far 10847/10847
  attack 93f4a7ea  68 actions  equal so far 10910/10910
  honest 945d113d  93 actions  equal so far 11002/11002
  honest 9565f805  54 actions  equal so far 11055/11055
  honest 95a9ec27 159 actions  equal so far 11214/11214
  honest 9abe5e19  38 actions  equal so far 11251/11251
  attack 9ce4519f  65 actions  equal so far 11313/11313
  honest 9eafcb3a  72 actions  equal so far 11384/11384
  attack 9eb6e3a3  64 actions  equal so far 11446/11446
  honest 9edc1af2  75 actions  equal so far 11520/11520
  honest 9f0f4c61  40 actions  equal so far 11559/11559
  attack 9f60f1da  41 actions  equal so far 11594/11594
  honest a12edade  44 actions  equal so far 11637/11637
  honest a24a3d05  61 actions  equal so far 11697/11697
  attack a31fcac0  44 actions  equal so far 11736/11736
  honest a537588c  80 actions  equal so far 11814/11814
  attack a53fd267  45 actions  equal so far 11855/11855
  attack a5d7830c  91 actions  equal so far 11941/11941
  attack a72f3c5c  91 actions  equal so far 12025/12025
  honest a753123b  93 actions  equal so far 12117/12117
  attack a819ecf9  71 actions  equal so far 12184/12184
  honest aa338971  75 actions  equal so far 12258/12258
  honest aa494f71  37 actions  equal so far 12294/12294
  attack ac2659ff  54 actions  equal so far 12343/12343
  honest ac99c30a  35 actions  equal so far 12377/12377
  honest acb47524  85 actions  equal so far 12461/12461
  honest ad6a631f  20 actions  equal so far 12480/12480
  honest ae612271 150 actions  equal so far 12630/12630
  honest b0903b8e  45 actions  equal so far 12674/12674
  attack b1cde3c4  19 actions  equal so far 12691/12691
  honest b24ab376  48 actions  equal so far 12738/12738
  honest b6c68b30  79 actions  equal so far 12816/12816
  honest b731674f 149 actions  equal so far 12965/12965
  honest b7878ff8  27 actions  equal so far 12991/12991
  honest b9a4fea8  69 actions  equal so far 13059/13059
  attack ba5eba9e  32 actions  equal so far 13087/13087
  honest bacc367d  48 actions  equal so far 13134/13134
  honest bc5db8a9  38 actions  equal so far 13171/13171
  honest bcb8f676 146 actions  equal so far 13317/13317
  honest bf56b0a8  32 actions  equal so far 13348/13348
  attack bfcc79a0 106 actions  equal so far 13445/13445
  attack c209d94b  65 actions  equal so far 13506/13506
  honest c477b340  43 actions  equal so far 13548/13548
  attack c48bd5e0  28 actions  equal so far 13572/13572
  attack c66a9a99 124 actions  equal so far 13690/13690
  honest c6a2a69b  81 actions  equal so far 13770/13770
  honest c83f9d35  24 actions  equal so far 13793/13793
  honest c842ca87  66 actions  equal so far 13858/13858
  honest c8a1d296  59 actions  equal so far 13916/13916
  honest c8a83da8 154 actions  equal so far 14070/14070
  attack c93d7af7  57 actions  equal so far 14123/14123
  attack ca45e087  36 actions  equal so far 14157/14157
  attack cb20f415  39 actions  equal so far 14194/14194
  attack cc4360e0  69 actions  equal so far 14261/14261
  honest cde0fc70  38 actions  equal so far 14298/14298
  attack cf13241b  25 actions  equal so far 14319/14319
  attack d051cbcc  40 actions  equal so far 14357/14357
  honest d0855c91  54 actions  equal so far 14410/14410
  attack d0b6abe5  44 actions  equal so far 14452/14452
  honest d11bcf0b  32 actions  equal so far 14483/14483
  honest d27ce4ec  64 actions  equal so far 14546/14546
  attack d3668b83  21 actions  equal so far 14565/14565
  attack d4b401b9  62 actions  equal so far 14617/14617
  honest d612c2f4 157 actions  equal so far 14774/14774
  attack d7dce18a  25 actions  equal so far 14795/14795
  honest d8d75e0b  37 actions  equal so far 14831/14831
  attack db2c95e4  58 actions  equal so far 14887/14887
  honest db5dda34  83 actions  equal so far 14969/14969
  attack dbe756e3  33 actions  equal so far 14998/14998
  attack dc4c2ac0  38 actions  equal so far 15034/15034
  honest dd3178f5  78 actions  equal so far 15111/15111
  attack ddce4c77  36 actions  equal so far 15145/15145
  attack df8d98e3  29 actions  equal so far 15172/15172
  honest e02775fe  33 actions  equal so far 15204/15204
  attack e04d0de9  82 actions  equal so far 15278/15278
  attack e0efc1f1  65 actions  equal so far 15336/15336
  honest e21055ee  92 actions  equal so far 15428/15428
  honest e2787949  58 actions  equal so far 15485/15485
  attack e2fba547  54 actions  equal so far 15536/15536
  honest e39b2cb5  72 actions  equal so far 15607/15607
  attack e48ba31a  41 actions  equal so far 15646/15646
  attack e4e691a0  33 actions  equal so far 15675/15675
  attack e5a6beed  86 actions  equal so far 15757/15757
  honest e66da846  38 actions  equal so far 15794/15794
  honest e6abfa19  62 actions  equal so far 15855/15855
  honest e79f1ece  62 actions  equal so far 15916/15916
  honest e806b275  22 actions  equal so far 15937/15937
  honest ea3bdc93  20 actions  equal so far 15956/15956
  honest eaf0dca8  13 actions  equal so far 15968/15968
  honest ecb799fd 126 actions  equal so far 16093/16093
  honest ed7f5f3f  32 actions  equal so far 16124/16124
  honest eeae1eaa  72 actions  equal so far 16195/16195
  honest ef6705a8  78 actions  equal so far 16272/16272
  honest efc71767  44 actions  equal so far 16315/16315
  honest f15f0699  83 actions  equal so far 16397/16397
  honest f1c34407  68 actions  equal so far 16463/16463
  honest f297942d  29 actions  equal so far 16491/16491
  honest f2b38253 123 actions  equal so far 16613/16613
  honest f4323055  47 actions  equal so far 16658/16658
  honest f4c087bb  29 actions  equal so far 16686/16686
  attack f671eb58 100 actions  equal so far 16782/16782
  attack f831ddec  56 actions  equal so far 16836/16836
  attack f95a5646  65 actions  equal so far 16897/16897
  honest f995ce29  48 actions  equal so far 16943/16943
  attack fd40e31a  79 actions  equal so far 17015/17015
  attack fd57f287  44 actions  equal so far 17055/17055
  attack fd71ec41  60 actions  equal so far 17111/17111
  honest ffdf2817 124 actions  equal so far 17234/17234
{
 "script": "experiments/logit-curve-replication/data_export/verify_prompt_format.py",
 "git_commit": "403285170faa86a8ea28a55844e2a5ca74d95246",
 "timestamp": "2026-09-10T04:37:18.126017+00:00",
 "control_tower_pin": "699d5ca5c26ab3126fa29c6fa73dbf898aa0ca53 (v1.0.1)",
 "template_sha256": "a4a48d036bca6728925ad60061e214177e16fc063075ba084726ee52529d2058",
 "n_trajectories": 292,
 "n_actions_compared": 17234,
 "n_equal": 17234,
 "n_mismatch": 0,
 "by_side": {
  "honest": 12487,
  "attack": 4747
 },
 "n_str_replace_diff_reconstruction_path_hit": 8,
 "n_hf_outputs_replaced_by_mirror_text": 39,
 "prompt_chars": {
  "min": 5411,
  "median": 99562,
  "p95": 281679,
  "max": 499030
 }
}
wrote results/raw/logit-curve-replication/l4_prompt_verify_20260910T043718Z.json
